Archive member included because of file (symbol)

c:/winavr-20100110/bin/../lib/gcc/avr/4.3.3/avr5\libgcc.a(_udivmodhi4.o)
                              menu.o (__udivmodhi4)
c:/winavr-20100110/bin/../lib/gcc/avr/4.3.3/avr5\libgcc.a(_exit.o)
                              c:/winavr-20100110/bin/../lib/gcc/avr/4.3.3/../../../../avr/lib/avr5/crtm32.o (exit)
c:/winavr-20100110/bin/../lib/gcc/avr/4.3.3/avr5\libgcc.a(_copy_data.o)
                              tcp.o (__do_copy_data)
c:/winavr-20100110/bin/../lib/gcc/avr/4.3.3/avr5\libgcc.a(_clear_bss.o)
                              enc28j60.o (__do_clear_bss)
c:/winavr-20100110/bin/../lib/gcc/avr/4.3.3/../../../../avr/lib/avr5\libc.a(eerd_block_atmega32.o)
                              main.o (__eerd_block_m32)
c:/winavr-20100110/bin/../lib/gcc/avr/4.3.3/../../../../avr/lib/avr5\libc.a(eerd_byte_atmega32.o)
                              menu.o (__eerd_byte_m32)
c:/winavr-20100110/bin/../lib/gcc/avr/4.3.3/../../../../avr/lib/avr5\libc.a(eewr_block_atmega32.o)
                              http.o (__eewr_block_m32)
c:/winavr-20100110/bin/../lib/gcc/avr/4.3.3/../../../../avr/lib/avr5\libc.a(eewr_byte_atmega32.o)
                              c:/winavr-20100110/bin/../lib/gcc/avr/4.3.3/../../../../avr/lib/avr5\libc.a(eewr_block_atmega32.o) (__eewr_r18_m32)

Allocating common symbols
Common symbol       size              file

count_time          0x4               menu.o
avr_mac             0x6               main.o
standby_cursor      0x1               menu.o
menu_index          0x1               menu.o
server_ip           0x4               main.o
flag2               0x1               enc28j60.o
submenu_index       0x1               menu.o
sec_count           0x1               menu.o
flag1               0x1               enc28j60.o
submenu_stack       0x1               menu.o
avr_ip              0x4               main.o
server_mac          0x6               main.o
setting_cursor      0x1               menu.o
menu_stack          0x1               menu.o

Memory Configuration

Name             Origin             Length             Attributes
text             0x00000000         0x00020000         xr
data             0x00800060         0x0000ffa0         rw !x
eeprom           0x00810000         0x00010000         rw !x
fuse             0x00820000         0x00000400         rw !x
lock             0x00830000         0x00000400         rw !x
signature        0x00840000         0x00000400         rw !x
*default*        0x00000000         0xffffffff

Linker script and memory map

LOAD c:/winavr-20100110/bin/../lib/gcc/avr/4.3.3/../../../../avr/lib/avr5/crtm32.o
LOAD enc28j60.o
LOAD main.o
LOAD http.o
LOAD arp.o
LOAD tcp.o
LOAD ip.o
LOAD ethernet.o
LOAD icmp.o
LOAD menu.o
LOAD lcd.o
LOAD adc.o
LOAD udp.o
LOAD c:/winavr-20100110/bin/../lib/gcc/avr/4.3.3/avr5\libgcc.a
LOAD c:/winavr-20100110/bin/../lib/gcc/avr/4.3.3/../../../../avr/lib/avr5\libc.a
LOAD c:/winavr-20100110/bin/../lib/gcc/avr/4.3.3/avr5\libgcc.a

.hash
 *(.hash)

.dynsym
 *(.dynsym)

.dynstr
 *(.dynstr)

.gnu.version
 *(.gnu.version)

.gnu.version_d
 *(.gnu.version_d)

.gnu.version_r
 *(.gnu.version_r)

.rel.init
 *(.rel.init)

.rela.init
 *(.rela.init)

.rel.text
 *(.rel.text)
 *(.rel.text.*)
 *(.rel.gnu.linkonce.t*)

.rela.text
 *(.rela.text)
 *(.rela.text.*)
 *(.rela.gnu.linkonce.t*)

.rel.fini
 *(.rel.fini)

.rela.fini
 *(.rela.fini)

.rel.rodata
 *(.rel.rodata)
 *(.rel.rodata.*)
 *(.rel.gnu.linkonce.r*)

.rela.rodata
 *(.rela.rodata)
 *(.rela.rodata.*)
 *(.rela.gnu.linkonce.r*)

.rel.data
 *(.rel.data)
 *(.rel.data.*)
 *(.rel.gnu.linkonce.d*)

.rela.data
 *(.rela.data)
 *(.rela.data.*)
 *(.rela.gnu.linkonce.d*)

.rel.ctors
 *(.rel.ctors)

.rela.ctors
 *(.rela.ctors)

.rel.dtors
 *(.rel.dtors)

.rela.dtors
 *(.rela.dtors)

.rel.got
 *(.rel.got)

.rela.got
 *(.rela.got)

.rel.bss
 *(.rel.bss)

.rela.bss
 *(.rela.bss)

.rel.plt
 *(.rel.plt)

.rela.plt
 *(.rela.plt)

.text           0x00000000     0x3520
 *(.vectors)
 .vectors       0x00000000       0x54 c:/winavr-20100110/bin/../lib/gcc/avr/4.3.3/../../../../avr/lib/avr5/crtm32.o
                0x00000000                __vectors
                0x00000000                __vector_default
 *(.vectors)
 *(.progmem.gcc*)
 *(.progmem*)
 .progmem.data  0x00000054        0xb main.o
                0x00000054                version
 .progmem.data  0x0000005f      0x570 http.o
                0x0000007b                tag_br
                0x0000005f                web_title
                0x0000009f                tag_form
                0x00000080                tag_hr
 .progmem.data  0x000005cf       0x2a menu.o
                0x000005d2                count_time_max
                0x000005dd                str_disable
                0x000005d6                str_enable
                0x000005cf                setting_cursor_max
 .progmem.data  0x000005f9       0xc8 adc.o
                0x000005f9                temp_list
 .progmem.data  0x000006c1       0x3d udp.o
                0x000006fe                . = ALIGN (0x2)
                0x000006fe                __trampolines_start = .
 *(.trampolines)
 .trampolines   0x000006fe        0x0 linker stubs
 *(.trampolines*)
                0x000006fe                __trampolines_end = .
 *(.jumptables)
 *(.jumptables*)
 *(.lowtext)
 *(.lowtext*)
                0x000006fe                __ctors_start = .
 *(.ctors)
                0x000006fe                __ctors_end = .
                0x000006fe                __dtors_start = .
 *(.dtors)
                0x000006fe                __dtors_end = .
 SORT(*)(.ctors)
 SORT(*)(.dtors)
 *(.init0)
 .init0         0x000006fe        0x0 c:/winavr-20100110/bin/../lib/gcc/avr/4.3.3/../../../../avr/lib/avr5/crtm32.o
                0x000006fe                __init
 *(.init0)
 *(.init1)
 *(.init1)
 *(.init2)
 .init2         0x000006fe        0xc c:/winavr-20100110/bin/../lib/gcc/avr/4.3.3/../../../../avr/lib/avr5/crtm32.o
 *(.init2)
 *(.init3)
 *(.init3)
 *(.init4)
 .init4         0x0000070a       0x16 c:/winavr-20100110/bin/../lib/gcc/avr/4.3.3/avr5\libgcc.a(_copy_data.o)
                0x0000070a                __do_copy_data
 .init4         0x00000720       0x10 c:/winavr-20100110/bin/../lib/gcc/avr/4.3.3/avr5\libgcc.a(_clear_bss.o)
                0x00000720                __do_clear_bss
 *(.init4)
 *(.init5)
 *(.init5)
 *(.init6)
 *(.init6)
 *(.init7)
 *(.init7)
 *(.init8)
 *(.init8)
 *(.init9)
 .init9         0x00000730        0x8 c:/winavr-20100110/bin/../lib/gcc/avr/4.3.3/../../../../avr/lib/avr5/crtm32.o
 *(.init9)
 *(.text)
 .text          0x00000738        0x4 c:/winavr-20100110/bin/../lib/gcc/avr/4.3.3/../../../../avr/lib/avr5/crtm32.o
                0x00000738                __vector_1
                0x00000738                __vector_12
                0x00000738                __bad_interrupt
                0x00000738                __vector_6
                0x00000738                __vector_3
                0x00000738                __vector_11
                0x00000738                __vector_13
                0x00000738                __vector_17
                0x00000738                __vector_19
                0x00000738                __vector_7
                0x00000738                __vector_5
                0x00000738                __vector_4
                0x00000738                __vector_9
                0x00000738                __vector_2
                0x00000738                __vector_15
                0x00000738                __vector_8
                0x00000738                __vector_14
                0x00000738                __vector_10
                0x00000738                __vector_16
                0x00000738                __vector_18
                0x00000738                __vector_20
 .text          0x0000073c      0x44a enc28j60.o
                0x00000776                enc28j60SetBank
                0x00000870                enc28j60_init
                0x00000760                enc28j60WriteOp
                0x000007be                enc28j60Read
                0x00000834                enc28j60PhyWrite
                0x00000a9a                enc28j60_packet_receive
                0x00000a08                enc28j60getrev
                0x000007ee                enc28j60_read_phyreg
                0x00000a10                enc28j60_packet_send
                0x0000073c                enc28j60ReadOp
                0x000007d2                enc28j60Write
 .text          0x00000b86      0x3ce main.o
                0x00000b9a                client_process
                0x00000ea0                main
                0x00000b86                software_reset
                0x00000da0                server_process
 .text          0x00000f54      0xb7a http.o
                0x00001046                http_home
                0x00000f54                http_get_ip
                0x0000130c                http_put_request
                0x000015bc                http_get_variable
                0x00000f98                hex2int
                0x0000167c                http_webserver_process
                0x00001022                http_status
                0x00000fbc                urldecode
                0x000013c2                http_api
 .text          0x00001ace      0x202 arp.o
                0x00001b92                arp_send_reply
                0x00001c58                arp_who_is
                0x00001bd2                arp_send_request
                0x00001ace                arp_generate_packet
                0x00001b54                arp_packet_is_arp
 .text          0x00001cd0      0x1be tcp.o
                0x00001d36                tcp_puts_data
                0x00001d10                tcp_puts_data_p
                0x00001d02                tcp_get_hlength
                0x00001d5a                tcp_send_packet
                0x00001cd0                tcp_get_dlength
 .text          0x00001e8e       0xc8 ip.o
                0x00001e8e                ip_packet_is_ip
                0x00001ec2                ip_generate_header
 .text          0x00001f56       0xb6 ethernet.o
                0x00001f56                eth_generate_header
                0x00001f90                software_checksum
 .text          0x0000200c      0x172 icmp.o
                0x00002116                icmp_ping
                0x0000204c                icmp_send_reply
                0x0000200c                icmp_generate_packet
                0x000020aa                icmp_send_request
 .text          0x0000217e      0xa22 menu.o
                0x00002288                turn_devices
                0x00002ad4                standby_display
                0x00002194                print_decimal
                0x000027fc                menu_process
                0x0000217e                my_strcpy
                0x00002502                menu_init
                0x000022e8                print_devices
                0x0000270e                key_up_process
                0x00002634                key_dw_process
                0x00002a82                print_temp
                0x00002392                print_timeout
                0x00002426                print_time
                0x000029d8                time_base
                0x00002210                print_ip
                0x0000253e                display_menu
 .text          0x00002ba0      0x14e lcd.o
                0x00002c64                lcd_gotoxy
                0x00002c80                lcd_putc
                0x00002cd2                lcd_print_p
                0x00002bc0                lcd_send_byte
                0x00002cb8                lcd_print
                0x00002bf0                lcd_init
                0x00002ba0                lcd_send_nibble
 .text          0x00002cee       0x9e adc.o
                0x00002d1a                adc_read_temp
                0x00002cee                adc_read
                0x00002d10                adc_init
 .text          0x00002d8c      0x70a udp.o
                0x00002d8c                udp_puts_data
                0x00002dd6                udp_generate_header
                0x00002db0                udp_puts_data_p
                0x00002e16                udp_receive
 .text          0x00003496        0x0 c:/winavr-20100110/bin/../lib/gcc/avr/4.3.3/avr5\libgcc.a(_udivmodhi4.o)
 .text          0x00003496        0x0 c:/winavr-20100110/bin/../lib/gcc/avr/4.3.3/avr5\libgcc.a(_exit.o)
 .text          0x00003496        0x0 c:/winavr-20100110/bin/../lib/gcc/avr/4.3.3/avr5\libgcc.a(_copy_data.o)
 .text          0x00003496        0x0 c:/winavr-20100110/bin/../lib/gcc/avr/4.3.3/avr5\libgcc.a(_clear_bss.o)
 .text          0x00003496        0x0 c:/winavr-20100110/bin/../lib/gcc/avr/4.3.3/../../../../avr/lib/avr5\libc.a(eerd_block_atmega32.o)
 .text          0x00003496        0x0 c:/winavr-20100110/bin/../lib/gcc/avr/4.3.3/../../../../avr/lib/avr5\libc.a(eerd_byte_atmega32.o)
 .text          0x00003496        0x0 c:/winavr-20100110/bin/../lib/gcc/avr/4.3.3/../../../../avr/lib/avr5\libc.a(eewr_block_atmega32.o)
 .text          0x00003496        0x0 c:/winavr-20100110/bin/../lib/gcc/avr/4.3.3/../../../../avr/lib/avr5\libc.a(eewr_byte_atmega32.o)
                0x00003496                . = ALIGN (0x2)
 *(.text.*)
 .text.libgcc   0x00003496       0x28 c:/winavr-20100110/bin/../lib/gcc/avr/4.3.3/avr5\libgcc.a(_udivmodhi4.o)
                0x00003496                __udivmodhi4
 .text.libgcc   0x000034be        0x0 c:/winavr-20100110/bin/../lib/gcc/avr/4.3.3/avr5\libgcc.a(_exit.o)
 .text.libgcc   0x000034be        0x0 c:/winavr-20100110/bin/../lib/gcc/avr/4.3.3/avr5\libgcc.a(_copy_data.o)
 .text.libgcc   0x000034be        0x0 c:/winavr-20100110/bin/../lib/gcc/avr/4.3.3/avr5\libgcc.a(_clear_bss.o)
 .text.avr-libc
                0x000034be       0x20 c:/winavr-20100110/bin/../lib/gcc/avr/4.3.3/../../../../avr/lib/avr5\libc.a(eerd_block_atmega32.o)
                0x000034c2                __eerd_blraw_m32
                0x000034be                __eerd_block_m32
 .text.avr-libc
                0x000034de       0x10 c:/winavr-20100110/bin/../lib/gcc/avr/4.3.3/../../../../avr/lib/avr5\libc.a(eerd_byte_atmega32.o)
                0x000034de                __eerd_byte_m32
 .text.avr-libc
                0x000034ee       0x14 c:/winavr-20100110/bin/../lib/gcc/avr/4.3.3/../../../../avr/lib/avr5\libc.a(eewr_block_atmega32.o)
                0x000034ee                __eewr_block_m32
 .text.avr-libc
                0x00003502       0x1a c:/winavr-20100110/bin/../lib/gcc/avr/4.3.3/../../../../avr/lib/avr5\libc.a(eewr_byte_atmega32.o)
                0x00003504                __eewr_r18_m32
                0x00003502                __eewr_byte_m32
                0x0000351c                . = ALIGN (0x2)
 *(.fini9)
 .fini9         0x0000351c        0x0 c:/winavr-20100110/bin/../lib/gcc/avr/4.3.3/avr5\libgcc.a(_exit.o)
                0x0000351c                exit
                0x0000351c                _exit
 *(.fini9)
 *(.fini8)
 *(.fini8)
 *(.fini7)
 *(.fini7)
 *(.fini6)
 *(.fini6)
 *(.fini5)
 *(.fini5)
 *(.fini4)
 *(.fini4)
 *(.fini3)
 *(.fini3)
 *(.fini2)
 *(.fini2)
 *(.fini1)
 *(.fini1)
 *(.fini0)
 .fini0         0x0000351c        0x4 c:/winavr-20100110/bin/../lib/gcc/avr/4.3.3/avr5\libgcc.a(_exit.o)
 *(.fini0)
                0x00003520                _etext = .

.data           0x00800060       0xae load address 0x00003520
                0x00800060                PROVIDE (__data_start, .)
 *(.data)
 .data          0x00800060        0x0 c:/winavr-20100110/bin/../lib/gcc/avr/4.3.3/../../../../avr/lib/avr5/crtm32.o
 .data          0x00800060        0x0 enc28j60.o
 .data          0x00800060        0x0 main.o
 .data          0x00800060        0x0 http.o
 .data          0x00800060        0x0 arp.o
 .data          0x00800060        0x1 tcp.o
 .data          0x00800061        0x2 ip.o
 .data          0x00800063        0x0 ethernet.o
 .data          0x00800063        0x2 icmp.o
                0x00800064                icmp_seq
                0x00800063                icmp_id
 .data          0x00800065       0xa9 menu.o
                0x00800065                screen_timeout
                0x00800066                timeout_cur_screen
                0x008000bc                menu_list
                0x00800103                standby_list
 .data          0x0080010e        0x0 lcd.o
 .data          0x0080010e        0x0 adc.o
 .data          0x0080010e        0x0 udp.o
 .data          0x0080010e        0x0 c:/winavr-20100110/bin/../lib/gcc/avr/4.3.3/avr5\libgcc.a(_udivmodhi4.o)
 .data          0x0080010e        0x0 c:/winavr-20100110/bin/../lib/gcc/avr/4.3.3/avr5\libgcc.a(_exit.o)
 .data          0x0080010e        0x0 c:/winavr-20100110/bin/../lib/gcc/avr/4.3.3/avr5\libgcc.a(_copy_data.o)
 .data          0x0080010e        0x0 c:/winavr-20100110/bin/../lib/gcc/avr/4.3.3/avr5\libgcc.a(_clear_bss.o)
 .data          0x0080010e        0x0 c:/winavr-20100110/bin/../lib/gcc/avr/4.3.3/../../../../avr/lib/avr5\libc.a(eerd_block_atmega32.o)
 .data          0x0080010e        0x0 c:/winavr-20100110/bin/../lib/gcc/avr/4.3.3/../../../../avr/lib/avr5\libc.a(eerd_byte_atmega32.o)
 .data          0x0080010e        0x0 c:/winavr-20100110/bin/../lib/gcc/avr/4.3.3/../../../../avr/lib/avr5\libc.a(eewr_block_atmega32.o)
 .data          0x0080010e        0x0 c:/winavr-20100110/bin/../lib/gcc/avr/4.3.3/../../../../avr/lib/avr5\libc.a(eewr_byte_atmega32.o)
 *(.data*)
 *(.rodata)
 *(.rodata*)
 *(.gnu.linkonce.d*)
                0x0080010e                . = ALIGN (0x2)
                0x0080010e                _edata = .
                0x0080010e                PROVIDE (__data_end, .)

.bss            0x0080010e       0x39
                0x0080010e                PROVIDE (__bss_start, .)
 *(.bss)
 .bss           0x0080010e        0x0 c:/winavr-20100110/bin/../lib/gcc/avr/4.3.3/../../../../avr/lib/avr5/crtm32.o
 .bss           0x0080010e        0x3 enc28j60.o
 .bss           0x00800111        0x0 main.o
 .bss           0x00800111        0x0 http.o
 .bss           0x00800111        0x0 arp.o
 .bss           0x00800111        0x0 tcp.o
 .bss           0x00800111        0x0 ip.o
 .bss           0x00800111        0x0 ethernet.o
 .bss           0x00800111        0x0 icmp.o
 .bss           0x00800111        0x4 menu.o
                0x00800111                ind_device_cur
 .bss           0x00800115        0x0 lcd.o
 .bss           0x00800115       0x11 adc.o
 .bss           0x00800126        0x0 udp.o
 .bss           0x00800126        0x0 c:/winavr-20100110/bin/../lib/gcc/avr/4.3.3/avr5\libgcc.a(_udivmodhi4.o)
 .bss           0x00800126        0x0 c:/winavr-20100110/bin/../lib/gcc/avr/4.3.3/avr5\libgcc.a(_exit.o)
 .bss           0x00800126        0x0 c:/winavr-20100110/bin/../lib/gcc/avr/4.3.3/avr5\libgcc.a(_copy_data.o)
 .bss           0x00800126        0x0 c:/winavr-20100110/bin/../lib/gcc/avr/4.3.3/avr5\libgcc.a(_clear_bss.o)
 .bss           0x00800126        0x0 c:/winavr-20100110/bin/../lib/gcc/avr/4.3.3/../../../../avr/lib/avr5\libc.a(eerd_block_atmega32.o)
 .bss           0x00800126        0x0 c:/winavr-20100110/bin/../lib/gcc/avr/4.3.3/../../../../avr/lib/avr5\libc.a(eerd_byte_atmega32.o)
 .bss           0x00800126        0x0 c:/winavr-20100110/bin/../lib/gcc/avr/4.3.3/../../../../avr/lib/avr5\libc.a(eewr_block_atmega32.o)
 .bss           0x00800126        0x0 c:/winavr-20100110/bin/../lib/gcc/avr/4.3.3/../../../../avr/lib/avr5\libc.a(eewr_byte_atmega32.o)
 *(.bss*)
 *(COMMON)
 COMMON         0x00800126        0x2 enc28j60.o
                0x00800126                flag2
                0x00800127                flag1
 COMMON         0x00800128       0x14 main.o
                0x00800128                avr_mac
                0x0080012e                server_ip
                0x00800132                avr_ip
                0x00800136                server_mac
 COMMON         0x0080013c        0xb menu.o
                0x0080013c                count_time
                0x00800140                standby_cursor
                0x00800141                menu_index
                0x00800142                submenu_index
                0x00800143                sec_count
                0x00800144                submenu_stack
                0x00800145                setting_cursor
                0x00800146                menu_stack
                0x00800147                PROVIDE (__bss_end, .)
                0x00003520                __data_load_start = LOADADDR (.data)
                0x000035ce                __data_load_end = (__data_load_start + SIZEOF (.data))

.noinit         0x00800147        0x0
                0x00800147                PROVIDE (__noinit_start, .)
 *(.noinit*)
                0x00800147                PROVIDE (__noinit_end, .)
                0x00800147                _end = .
                0x00800147                PROVIDE (__heap_start, .)

.eeprom         0x00810000        0xb
 *(.eeprom*)
 .eeprom        0x00810000        0x8 main.o
                0x00810000                ee_avr_ip
                0x00810004                ee_server_ip
 .eeprom        0x00810008        0x3 menu.o
                0x00810008                ee_count_time
                0x0081000b                __eeprom_end = .

.fuse
 *(.fuse)
 *(.lfuse)
 *(.hfuse)
 *(.efuse)

.lock
 *(.lock*)

.signature
 *(.signature*)

.stab
 *(.stab)

.stabstr
 *(.stabstr)

.stab.excl
 *(.stab.excl)

.stab.exclstr
 *(.stab.exclstr)

.stab.index
 *(.stab.index)

.stab.indexstr
 *(.stab.indexstr)

.comment
 *(.comment)

.debug
 *(.debug)

.line
 *(.line)

.debug_srcinfo
 *(.debug_srcinfo)

.debug_sfnames
 *(.debug_sfnames)

.debug_aranges  0x00000000      0x180
 *(.debug_aranges)
 .debug_aranges
                0x00000000       0x20 enc28j60.o
 .debug_aranges
                0x00000020       0x20 main.o
 .debug_aranges
                0x00000040       0x20 http.o
 .debug_aranges
                0x00000060       0x20 arp.o
 .debug_aranges
                0x00000080       0x20 tcp.o
 .debug_aranges
                0x000000a0       0x20 ip.o
 .debug_aranges
                0x000000c0       0x20 ethernet.o
 .debug_aranges
                0x000000e0       0x20 icmp.o
 .debug_aranges
                0x00000100       0x20 menu.o
 .debug_aranges
                0x00000120       0x20 lcd.o
 .debug_aranges
                0x00000140       0x20 adc.o
 .debug_aranges
                0x00000160       0x20 udp.o

.debug_pubnames
                0x00000000      0x8ce
 *(.debug_pubnames)
 .debug_pubnames
                0x00000000      0x10c enc28j60.o
 .debug_pubnames
                0x0000010c       0xc7 main.o
 .debug_pubnames
                0x000001d3       0xf2 http.o
 .debug_pubnames
                0x000002c5       0x8b arp.o
 .debug_pubnames
                0x00000350       0x88 tcp.o
 .debug_pubnames
                0x000003d8       0x51 ip.o
 .debug_pubnames
                0x00000429       0x54 ethernet.o
 .debug_pubnames
                0x0000047d       0x90 icmp.o
 .debug_pubnames
                0x0000050d      0x25a menu.o
 .debug_pubnames
                0x00000767       0x93 lcd.o
 .debug_pubnames
                0x000007fa       0x60 adc.o
 .debug_pubnames
                0x0000085a       0x74 udp.o

.debug_info     0x00000000     0x5910
 *(.debug_info)
 .debug_info    0x00000000      0x7d7 enc28j60.o
 .debug_info    0x000007d7      0x523 main.o
 .debug_info    0x00000cfa     0x12bb http.o
 .debug_info    0x00001fb5      0x5eb arp.o
 .debug_info    0x000025a0      0x5a3 tcp.o
 .debug_info    0x00002b43      0x444 ip.o
 .debug_info    0x00002f87      0x440 ethernet.o
 .debug_info    0x000033c7      0x576 icmp.o
 .debug_info    0x0000393d      0xa36 menu.o
 .debug_info    0x00004373      0x545 lcd.o
 .debug_info    0x000048b8      0x2dd adc.o
 .debug_info    0x00004b95      0xd7b udp.o
 *(.gnu.linkonce.wi.*)

.debug_abbrev   0x00000000     0x14d1
 *(.debug_abbrev)
 .debug_abbrev  0x00000000      0x26a enc28j60.o
 .debug_abbrev  0x0000026a      0x164 main.o
 .debug_abbrev  0x000003ce      0x22d http.o
 .debug_abbrev  0x000005fb      0x1b2 arp.o
 .debug_abbrev  0x000007ad      0x16d tcp.o
 .debug_abbrev  0x0000091a      0x143 ip.o
 .debug_abbrev  0x00000a5d      0x152 ethernet.o
 .debug_abbrev  0x00000baf      0x194 icmp.o
 .debug_abbrev  0x00000d43      0x2bf menu.o
 .debug_abbrev  0x00001002      0x189 lcd.o
 .debug_abbrev  0x0000118b      0x11b adc.o
 .debug_abbrev  0x000012a6      0x22b udp.o

.debug_line     0x00000000     0x32b0
 *(.debug_line)
 .debug_line    0x00000000      0x60f enc28j60.o
 .debug_line    0x0000060f      0x2f3 main.o
 .debug_line    0x00000902      0x93b http.o
 .debug_line    0x0000123d      0x267 arp.o
 .debug_line    0x000014a4      0x2ca tcp.o
 .debug_line    0x0000176e      0x136 ip.o
 .debug_line    0x000018a4      0x101 ethernet.o
 .debug_line    0x000019a5      0x268 icmp.o
 .debug_line    0x00001c0d      0xb9b menu.o
 .debug_line    0x000027a8      0x32d lcd.o
 .debug_line    0x00002ad5      0x17a adc.o
 .debug_line    0x00002c4f      0x661 udp.o

.debug_frame    0x00000000      0x530
 *(.debug_frame)
 .debug_frame   0x00000000       0xc0 enc28j60.o
 .debug_frame   0x000000c0       0x50 main.o
 .debug_frame   0x00000110       0xa0 http.o
 .debug_frame   0x000001b0       0x60 arp.o
 .debug_frame   0x00000210       0x60 tcp.o
 .debug_frame   0x00000270       0x30 ip.o
 .debug_frame   0x000002a0       0x30 ethernet.o
 .debug_frame   0x000002d0       0x50 icmp.o
 .debug_frame   0x00000320      0x100 menu.o
 .debug_frame   0x00000420       0x80 lcd.o
 .debug_frame   0x000004a0       0x40 adc.o
 .debug_frame   0x000004e0       0x50 udp.o

.debug_str      0x00000000      0x9a2
 *(.debug_str)
 .debug_str     0x00000000      0x30b enc28j60.o
                                0x37d (size before relaxing)
 .debug_str     0x0000030b       0x81 main.o
                                0x2a3 (size before relaxing)
 .debug_str     0x0000038c      0x13e http.o
                                0x394 (size before relaxing)
 .debug_str     0x000004ca       0x61 arp.o
                                0x2dc (size before relaxing)
 .debug_str     0x0000052b       0xa4 tcp.o
                                0x2ed (size before relaxing)
 .debug_str     0x000005cf       0x4e ip.o
                                0x25a (size before relaxing)
 .debug_str     0x0000061d       0x3f ethernet.o
                                0x24f (size before relaxing)
 .debug_str     0x0000065c       0x5c icmp.o
                                0x2c2 (size before relaxing)
 .debug_str     0x000006b8      0x1d7 menu.o
                                0x437 (size before relaxing)
 .debug_str     0x0000088f       0x66 lcd.o
                                0x255 (size before relaxing)
 .debug_str     0x000008f5       0x61 adc.o
                                0x1eb (size before relaxing)
 .debug_str     0x00000956       0x4c udp.o
                                0x30e (size before relaxing)

.debug_loc      0x00000000     0x261a
 *(.debug_loc)
 .debug_loc     0x00000000      0x282 enc28j60.o
 .debug_loc     0x00000282       0x48 main.o
 .debug_loc     0x000002ca      0x856 http.o
 .debug_loc     0x00000b20      0x1d3 arp.o
 .debug_loc     0x00000cf3      0x2de tcp.o
 .debug_loc     0x00000fd1       0xa3 ip.o
 .debug_loc     0x00001074       0xb6 ethernet.o
 .debug_loc     0x0000112a      0x1cb icmp.o
 .debug_loc     0x000012f5      0x766 menu.o
 .debug_loc     0x00001a5b      0x21c lcd.o
 .debug_loc     0x00001c77       0x53 adc.o
 .debug_loc     0x00001cca      0x950 udp.o

.debug_macinfo
 *(.debug_macinfo)
OUTPUT(avrnet.elf elf32-avr)
LOAD linker stubs

.debug_ranges   0x00000000       0x60
 .debug_ranges  0x00000000       0x60 lcd.o
