Archive member included because of file (symbol)

c:/winavr-20100110/bin/../lib/gcc/avr/4.3.3/avr5\libgcc.a(_udivmodhi4.o)
                              menu.o (__udivmodhi4)
c:/winavr-20100110/bin/../lib/gcc/avr/4.3.3/avr5\libgcc.a(_exit.o)
                              c:/winavr-20100110/bin/../lib/gcc/avr/4.3.3/../../../../avr/lib/avr5/crtm32.o (exit)
c:/winavr-20100110/bin/../lib/gcc/avr/4.3.3/avr5\libgcc.a(_copy_data.o)
                              tcp.o (__do_copy_data)
c:/winavr-20100110/bin/../lib/gcc/avr/4.3.3/avr5\libgcc.a(_clear_bss.o)
                              enc28j60.o (__do_clear_bss)
c:/winavr-20100110/bin/../lib/gcc/avr/4.3.3/../../../../avr/lib/avr5\libc.a(eerd_block_atmega32.o)
                              main.o (__eerd_block_m32)
c:/winavr-20100110/bin/../lib/gcc/avr/4.3.3/../../../../avr/lib/avr5\libc.a(eerd_byte_atmega32.o)
                              menu.o (__eerd_byte_m32)
c:/winavr-20100110/bin/../lib/gcc/avr/4.3.3/../../../../avr/lib/avr5\libc.a(eewr_block_atmega32.o)
                              http.o (__eewr_block_m32)
c:/winavr-20100110/bin/../lib/gcc/avr/4.3.3/../../../../avr/lib/avr5\libc.a(eewr_byte_atmega32.o)
                              c:/winavr-20100110/bin/../lib/gcc/avr/4.3.3/../../../../avr/lib/avr5\libc.a(eewr_block_atmega32.o) (__eewr_r18_m32)

Allocating common symbols
Common symbol       size              file

count_time          0x4               menu.o
avr_mac             0x6               main.o
standby_cursor      0x1               menu.o
menu_index          0x1               menu.o
server_ip           0x4               main.o
flag2               0x1               enc28j60.o
submenu_index       0x1               menu.o
sec_count           0x1               menu.o
flag1               0x1               enc28j60.o
submenu_stack       0x1               menu.o
avr_ip              0x4               main.o
server_mac          0x6               main.o
setting_cursor      0x1               menu.o
menu_stack          0x1               menu.o

Memory Configuration

Name             Origin             Length             Attributes
text             0x00000000         0x00020000         xr
data             0x00800060         0x0000ffa0         rw !x
eeprom           0x00810000         0x00010000         rw !x
fuse             0x00820000         0x00000400         rw !x
lock             0x00830000         0x00000400         rw !x
signature        0x00840000         0x00000400         rw !x
*default*        0x00000000         0xffffffff

Linker script and memory map

LOAD c:/winavr-20100110/bin/../lib/gcc/avr/4.3.3/../../../../avr/lib/avr5/crtm32.o
LOAD enc28j60.o
LOAD main.o
LOAD http.o
LOAD arp.o
LOAD tcp.o
LOAD ip.o
LOAD ethernet.o
LOAD menu.o
LOAD lcd.o
LOAD adc.o
LOAD c:/winavr-20100110/bin/../lib/gcc/avr/4.3.3/avr5\libgcc.a
LOAD c:/winavr-20100110/bin/../lib/gcc/avr/4.3.3/../../../../avr/lib/avr5\libc.a
LOAD c:/winavr-20100110/bin/../lib/gcc/avr/4.3.3/avr5\libgcc.a

.hash
 *(.hash)

.dynsym
 *(.dynsym)

.dynstr
 *(.dynstr)

.gnu.version
 *(.gnu.version)

.gnu.version_d
 *(.gnu.version_d)

.gnu.version_r
 *(.gnu.version_r)

.rel.init
 *(.rel.init)

.rela.init
 *(.rela.init)

.rel.text
 *(.rel.text)
 *(.rel.text.*)
 *(.rel.gnu.linkonce.t*)

.rela.text
 *(.rela.text)
 *(.rela.text.*)
 *(.rela.gnu.linkonce.t*)

.rel.fini
 *(.rel.fini)

.rela.fini
 *(.rela.fini)

.rel.rodata
 *(.rel.rodata)
 *(.rel.rodata.*)
 *(.rel.gnu.linkonce.r*)

.rela.rodata
 *(.rela.rodata)
 *(.rela.rodata.*)
 *(.rela.gnu.linkonce.r*)

.rel.data
 *(.rel.data)
 *(.rel.data.*)
 *(.rel.gnu.linkonce.d*)

.rela.data
 *(.rela.data)
 *(.rela.data.*)
 *(.rela.gnu.linkonce.d*)

.rel.ctors
 *(.rel.ctors)

.rela.ctors
 *(.rela.ctors)

.rel.dtors
 *(.rel.dtors)

.rela.dtors
 *(.rela.dtors)

.rel.got
 *(.rel.got)

.rela.got
 *(.rela.got)

.rel.bss
 *(.rel.bss)

.rela.bss
 *(.rela.bss)

.rel.plt
 *(.rel.plt)

.rela.plt
 *(.rela.plt)

.text           0x00000000     0x2b86
 *(.vectors)
 .vectors       0x00000000       0x54 c:/winavr-20100110/bin/../lib/gcc/avr/4.3.3/../../../../avr/lib/avr5/crtm32.o
                0x00000000                __vectors
                0x00000000                __vector_default
 *(.vectors)
 *(.progmem.gcc*)
 *(.progmem*)
 .progmem.data  0x00000054        0xb main.o
                0x00000054                version
 .progmem.data  0x0000005f      0x570 http.o
                0x0000007b                tag_br
                0x0000005f                web_title
                0x0000009f                tag_form
                0x00000080                tag_hr
 .progmem.data  0x000005cf       0x16 menu.o
                0x000005d2                count_time_max
                0x000005dd                str_disable
                0x000005d6                str_enable
                0x000005cf                setting_cursor_max
 .progmem.data  0x000005e5       0xc8 adc.o
                0x000005e5                temp_list
                0x000006ae                . = ALIGN (0x2)
 *fill*         0x000006ad        0x1 00
                0x000006ae                __trampolines_start = .
 *(.trampolines)
 .trampolines   0x000006ae        0x0 linker stubs
 *(.trampolines*)
                0x000006ae                __trampolines_end = .
 *(.jumptables)
 *(.jumptables*)
 *(.lowtext)
 *(.lowtext*)
                0x000006ae                __ctors_start = .
 *(.ctors)
                0x000006ae                __ctors_end = .
                0x000006ae                __dtors_start = .
 *(.dtors)
                0x000006ae                __dtors_end = .
 SORT(*)(.ctors)
 SORT(*)(.dtors)
 *(.init0)
 .init0         0x000006ae        0x0 c:/winavr-20100110/bin/../lib/gcc/avr/4.3.3/../../../../avr/lib/avr5/crtm32.o
                0x000006ae                __init
 *(.init0)
 *(.init1)
 *(.init1)
 *(.init2)
 .init2         0x000006ae        0xc c:/winavr-20100110/bin/../lib/gcc/avr/4.3.3/../../../../avr/lib/avr5/crtm32.o
 *(.init2)
 *(.init3)
 *(.init3)
 *(.init4)
 .init4         0x000006ba       0x16 c:/winavr-20100110/bin/../lib/gcc/avr/4.3.3/avr5\libgcc.a(_copy_data.o)
                0x000006ba                __do_copy_data
 .init4         0x000006d0       0x10 c:/winavr-20100110/bin/../lib/gcc/avr/4.3.3/avr5\libgcc.a(_clear_bss.o)
                0x000006d0                __do_clear_bss
 *(.init4)
 *(.init5)
 *(.init5)
 *(.init6)
 *(.init6)
 *(.init7)
 *(.init7)
 *(.init8)
 *(.init8)
 *(.init9)
 .init9         0x000006e0        0x8 c:/winavr-20100110/bin/../lib/gcc/avr/4.3.3/../../../../avr/lib/avr5/crtm32.o
 *(.init9)
 *(.text)
 .text          0x000006e8        0x4 c:/winavr-20100110/bin/../lib/gcc/avr/4.3.3/../../../../avr/lib/avr5/crtm32.o
                0x000006e8                __vector_1
                0x000006e8                __vector_12
                0x000006e8                __bad_interrupt
                0x000006e8                __vector_6
                0x000006e8                __vector_3
                0x000006e8                __vector_11
                0x000006e8                __vector_13
                0x000006e8                __vector_17
                0x000006e8                __vector_19
                0x000006e8                __vector_7
                0x000006e8                __vector_5
                0x000006e8                __vector_4
                0x000006e8                __vector_9
                0x000006e8                __vector_2
                0x000006e8                __vector_15
                0x000006e8                __vector_8
                0x000006e8                __vector_14
                0x000006e8                __vector_10
                0x000006e8                __vector_16
                0x000006e8                __vector_18
                0x000006e8                __vector_20
 .text          0x000006ec      0x44a enc28j60.o
                0x00000726                enc28j60SetBank
                0x00000820                enc28j60_init
                0x00000710                enc28j60WriteOp
                0x0000076e                enc28j60Read
                0x000007e4                enc28j60PhyWrite
                0x00000a4a                enc28j60_packet_receive
                0x000009b8                enc28j60getrev
                0x0000079e                enc28j60_read_phyreg
                0x000009c0                enc28j60_packet_send
                0x000006ec                enc28j60ReadOp
                0x00000782                enc28j60Write
 .text          0x00000b36      0x378 main.o
                0x00000b4a                client_process
                0x00000dfa                main
                0x00000b36                software_reset
                0x00000d50                server_process
 .text          0x00000eae      0xb7a http.o
                0x00000fa0                http_home
                0x00000eae                http_get_ip
                0x00001266                http_put_request
                0x00001516                http_get_variable
                0x00000ef2                hex2int
                0x000015d6                http_webserver_process
                0x00000f7c                http_status
                0x00000f16                urldecode
                0x0000131c                http_api
 .text          0x00001a28      0x202 arp.o
                0x00001aec                arp_send_reply
                0x00001bb2                arp_who_is
                0x00001b2c                arp_send_request
                0x00001a28                arp_generate_packet
                0x00001aae                arp_packet_is_arp
 .text          0x00001c2a      0x1be tcp.o
                0x00001c90                tcp_puts_data
                0x00001c6a                tcp_puts_data_p
                0x00001c5c                tcp_get_hlength
                0x00001cb4                tcp_send_packet
                0x00001c2a                tcp_get_dlength
 .text          0x00001de8       0xc8 ip.o
                0x00001de8                ip_packet_is_ip
                0x00001e1c                ip_generate_header
 .text          0x00001eb0       0xb6 ethernet.o
                0x00001eb0                eth_generate_header
                0x00001eea                software_checksum
 .text          0x00001f66      0x9aa menu.o
                0x00002070                turn_devices
                0x00002844                standby_display
                0x00001f7c                print_decimal
                0x000025e4                menu_process
                0x00001f66                my_strcpy
                0x000022ea                menu_init
                0x000020d0                print_devices
                0x00002400                key_up_process
                0x00002326                key_dw_process
                0x000027f2                print_temp
                0x0000217a                print_timeout
                0x0000220e                print_time
                0x00002748                time_base
                0x00001ff8                print_ip
                0x000024ee                display_menu
 .text          0x00002910      0x14e lcd.o
                0x000029d4                lcd_gotoxy
                0x000029f0                lcd_putc
                0x00002a42                lcd_print_p
                0x00002930                lcd_send_byte
                0x00002a28                lcd_print
                0x00002960                lcd_init
                0x00002910                lcd_send_nibble
 .text          0x00002a5e       0x9e adc.o
                0x00002a8a                adc_read_temp
                0x00002a5e                adc_read
                0x00002a80                adc_init
 .text          0x00002afc        0x0 c:/winavr-20100110/bin/../lib/gcc/avr/4.3.3/avr5\libgcc.a(_udivmodhi4.o)
 .text          0x00002afc        0x0 c:/winavr-20100110/bin/../lib/gcc/avr/4.3.3/avr5\libgcc.a(_exit.o)
 .text          0x00002afc        0x0 c:/winavr-20100110/bin/../lib/gcc/avr/4.3.3/avr5\libgcc.a(_copy_data.o)
 .text          0x00002afc        0x0 c:/winavr-20100110/bin/../lib/gcc/avr/4.3.3/avr5\libgcc.a(_clear_bss.o)
 .text          0x00002afc        0x0 c:/winavr-20100110/bin/../lib/gcc/avr/4.3.3/../../../../avr/lib/avr5\libc.a(eerd_block_atmega32.o)
 .text          0x00002afc        0x0 c:/winavr-20100110/bin/../lib/gcc/avr/4.3.3/../../../../avr/lib/avr5\libc.a(eerd_byte_atmega32.o)
 .text          0x00002afc        0x0 c:/winavr-20100110/bin/../lib/gcc/avr/4.3.3/../../../../avr/lib/avr5\libc.a(eewr_block_atmega32.o)
 .text          0x00002afc        0x0 c:/winavr-20100110/bin/../lib/gcc/avr/4.3.3/../../../../avr/lib/avr5\libc.a(eewr_byte_atmega32.o)
                0x00002afc                . = ALIGN (0x2)
 *(.text.*)
 .text.libgcc   0x00002afc       0x28 c:/winavr-20100110/bin/../lib/gcc/avr/4.3.3/avr5\libgcc.a(_udivmodhi4.o)
                0x00002afc                __udivmodhi4
 .text.libgcc   0x00002b24        0x0 c:/winavr-20100110/bin/../lib/gcc/avr/4.3.3/avr5\libgcc.a(_exit.o)
 .text.libgcc   0x00002b24        0x0 c:/winavr-20100110/bin/../lib/gcc/avr/4.3.3/avr5\libgcc.a(_copy_data.o)
 .text.libgcc   0x00002b24        0x0 c:/winavr-20100110/bin/../lib/gcc/avr/4.3.3/avr5\libgcc.a(_clear_bss.o)
 .text.avr-libc
                0x00002b24       0x20 c:/winavr-20100110/bin/../lib/gcc/avr/4.3.3/../../../../avr/lib/avr5\libc.a(eerd_block_atmega32.o)
                0x00002b28                __eerd_blraw_m32
                0x00002b24                __eerd_block_m32
 .text.avr-libc
                0x00002b44       0x10 c:/winavr-20100110/bin/../lib/gcc/avr/4.3.3/../../../../avr/lib/avr5\libc.a(eerd_byte_atmega32.o)
                0x00002b44                __eerd_byte_m32
 .text.avr-libc
                0x00002b54       0x14 c:/winavr-20100110/bin/../lib/gcc/avr/4.3.3/../../../../avr/lib/avr5\libc.a(eewr_block_atmega32.o)
                0x00002b54                __eewr_block_m32
 .text.avr-libc
                0x00002b68       0x1a c:/winavr-20100110/bin/../lib/gcc/avr/4.3.3/../../../../avr/lib/avr5\libc.a(eewr_byte_atmega32.o)
                0x00002b6a                __eewr_r18_m32
                0x00002b68                __eewr_byte_m32
                0x00002b82                . = ALIGN (0x2)
 *(.fini9)
 .fini9         0x00002b82        0x0 c:/winavr-20100110/bin/../lib/gcc/avr/4.3.3/avr5\libgcc.a(_exit.o)
                0x00002b82                exit
                0x00002b82                _exit
 *(.fini9)
 *(.fini8)
 *(.fini8)
 *(.fini7)
 *(.fini7)
 *(.fini6)
 *(.fini6)
 *(.fini5)
 *(.fini5)
 *(.fini4)
 *(.fini4)
 *(.fini3)
 *(.fini3)
 *(.fini2)
 *(.fini2)
 *(.fini1)
 *(.fini1)
 *(.fini0)
 .fini0         0x00002b82        0x4 c:/winavr-20100110/bin/../lib/gcc/avr/4.3.3/avr5\libgcc.a(_exit.o)
 *(.fini0)
                0x00002b86                _etext = .

.data           0x00800060       0xac load address 0x00002b86
                0x00800060                PROVIDE (__data_start, .)
 *(.data)
 .data          0x00800060        0x0 c:/winavr-20100110/bin/../lib/gcc/avr/4.3.3/../../../../avr/lib/avr5/crtm32.o
 .data          0x00800060        0x0 enc28j60.o
 .data          0x00800060        0x0 main.o
 .data          0x00800060        0x0 http.o
 .data          0x00800060        0x0 arp.o
 .data          0x00800060        0x1 tcp.o
 .data          0x00800061        0x2 ip.o
 .data          0x00800063        0x0 ethernet.o
 .data          0x00800063       0xa9 menu.o
                0x00800063                screen_timeout
                0x00800064                timeout_cur_screen
                0x008000ba                menu_list
                0x00800101                standby_list
 .data          0x0080010c        0x0 lcd.o
 .data          0x0080010c        0x0 adc.o
 .data          0x0080010c        0x0 c:/winavr-20100110/bin/../lib/gcc/avr/4.3.3/avr5\libgcc.a(_udivmodhi4.o)
 .data          0x0080010c        0x0 c:/winavr-20100110/bin/../lib/gcc/avr/4.3.3/avr5\libgcc.a(_exit.o)
 .data          0x0080010c        0x0 c:/winavr-20100110/bin/../lib/gcc/avr/4.3.3/avr5\libgcc.a(_copy_data.o)
 .data          0x0080010c        0x0 c:/winavr-20100110/bin/../lib/gcc/avr/4.3.3/avr5\libgcc.a(_clear_bss.o)
 .data          0x0080010c        0x0 c:/winavr-20100110/bin/../lib/gcc/avr/4.3.3/../../../../avr/lib/avr5\libc.a(eerd_block_atmega32.o)
 .data          0x0080010c        0x0 c:/winavr-20100110/bin/../lib/gcc/avr/4.3.3/../../../../avr/lib/avr5\libc.a(eerd_byte_atmega32.o)
 .data          0x0080010c        0x0 c:/winavr-20100110/bin/../lib/gcc/avr/4.3.3/../../../../avr/lib/avr5\libc.a(eewr_block_atmega32.o)
 .data          0x0080010c        0x0 c:/winavr-20100110/bin/../lib/gcc/avr/4.3.3/../../../../avr/lib/avr5\libc.a(eewr_byte_atmega32.o)
 *(.data*)
 *(.rodata)
 *(.rodata*)
 *(.gnu.linkonce.d*)
                0x0080010c                . = ALIGN (0x2)
                0x0080010c                _edata = .
                0x0080010c                PROVIDE (__data_end, .)

.bss            0x0080010c       0x39
                0x0080010c                PROVIDE (__bss_start, .)
 *(.bss)
 .bss           0x0080010c        0x0 c:/winavr-20100110/bin/../lib/gcc/avr/4.3.3/../../../../avr/lib/avr5/crtm32.o
 .bss           0x0080010c        0x3 enc28j60.o
 .bss           0x0080010f        0x0 main.o
 .bss           0x0080010f        0x0 http.o
 .bss           0x0080010f        0x0 arp.o
 .bss           0x0080010f        0x0 tcp.o
 .bss           0x0080010f        0x0 ip.o
 .bss           0x0080010f        0x0 ethernet.o
 .bss           0x0080010f        0x4 menu.o
                0x0080010f                ind_device_cur
 .bss           0x00800113        0x0 lcd.o
 .bss           0x00800113       0x11 adc.o
 .bss           0x00800124        0x0 c:/winavr-20100110/bin/../lib/gcc/avr/4.3.3/avr5\libgcc.a(_udivmodhi4.o)
 .bss           0x00800124        0x0 c:/winavr-20100110/bin/../lib/gcc/avr/4.3.3/avr5\libgcc.a(_exit.o)
 .bss           0x00800124        0x0 c:/winavr-20100110/bin/../lib/gcc/avr/4.3.3/avr5\libgcc.a(_copy_data.o)
 .bss           0x00800124        0x0 c:/winavr-20100110/bin/../lib/gcc/avr/4.3.3/avr5\libgcc.a(_clear_bss.o)
 .bss           0x00800124        0x0 c:/winavr-20100110/bin/../lib/gcc/avr/4.3.3/../../../../avr/lib/avr5\libc.a(eerd_block_atmega32.o)
 .bss           0x00800124        0x0 c:/winavr-20100110/bin/../lib/gcc/avr/4.3.3/../../../../avr/lib/avr5\libc.a(eerd_byte_atmega32.o)
 .bss           0x00800124        0x0 c:/winavr-20100110/bin/../lib/gcc/avr/4.3.3/../../../../avr/lib/avr5\libc.a(eewr_block_atmega32.o)
 .bss           0x00800124        0x0 c:/winavr-20100110/bin/../lib/gcc/avr/4.3.3/../../../../avr/lib/avr5\libc.a(eewr_byte_atmega32.o)
 *(.bss*)
 *(COMMON)
 COMMON         0x00800124        0x2 enc28j60.o
                0x00800124                flag2
                0x00800125                flag1
 COMMON         0x00800126       0x14 main.o
                0x00800126                avr_mac
                0x0080012c                server_ip
                0x00800130                avr_ip
                0x00800134                server_mac
 COMMON         0x0080013a        0xb menu.o
                0x0080013a                count_time
                0x0080013e                standby_cursor
                0x0080013f                menu_index
                0x00800140                submenu_index
                0x00800141                sec_count
                0x00800142                submenu_stack
                0x00800143                setting_cursor
                0x00800144                menu_stack
                0x00800145                PROVIDE (__bss_end, .)
                0x00002b86                __data_load_start = LOADADDR (.data)
                0x00002c32                __data_load_end = (__data_load_start + SIZEOF (.data))

.noinit         0x00800145        0x0
                0x00800145                PROVIDE (__noinit_start, .)
 *(.noinit*)
                0x00800145                PROVIDE (__noinit_end, .)
                0x00800145                _end = .
                0x00800145                PROVIDE (__heap_start, .)

.eeprom         0x00810000        0xb
 *(.eeprom*)
 .eeprom        0x00810000        0x8 main.o
                0x00810000                ee_avr_ip
                0x00810004                ee_server_ip
 .eeprom        0x00810008        0x3 menu.o
                0x00810008                ee_count_time
                0x0081000b                __eeprom_end = .

.fuse
 *(.fuse)
 *(.lfuse)
 *(.hfuse)
 *(.efuse)

.lock
 *(.lock*)

.signature
 *(.signature*)

.stab
 *(.stab)

.stabstr
 *(.stabstr)

.stab.excl
 *(.stab.excl)

.stab.exclstr
 *(.stab.exclstr)

.stab.index
 *(.stab.index)

.stab.indexstr
 *(.stab.indexstr)

.comment
 *(.comment)

.debug
 *(.debug)

.line
 *(.line)

.debug_srcinfo
 *(.debug_srcinfo)

.debug_sfnames
 *(.debug_sfnames)

.debug_aranges  0x00000000      0x140
 *(.debug_aranges)
 .debug_aranges
                0x00000000       0x20 enc28j60.o
 .debug_aranges
                0x00000020       0x20 main.o
 .debug_aranges
                0x00000040       0x20 http.o
 .debug_aranges
                0x00000060       0x20 arp.o
 .debug_aranges
                0x00000080       0x20 tcp.o
 .debug_aranges
                0x000000a0       0x20 ip.o
 .debug_aranges
                0x000000c0       0x20 ethernet.o
 .debug_aranges
                0x000000e0       0x20 menu.o
 .debug_aranges
                0x00000100       0x20 lcd.o
 .debug_aranges
                0x00000120       0x20 adc.o

.debug_pubnames
                0x00000000      0x7ca
 *(.debug_pubnames)
 .debug_pubnames
                0x00000000      0x10c enc28j60.o
 .debug_pubnames
                0x0000010c       0xc7 main.o
 .debug_pubnames
                0x000001d3       0xf2 http.o
 .debug_pubnames
                0x000002c5       0x8b arp.o
 .debug_pubnames
                0x00000350       0x88 tcp.o
 .debug_pubnames
                0x000003d8       0x51 ip.o
 .debug_pubnames
                0x00000429       0x54 ethernet.o
 .debug_pubnames
                0x0000047d      0x25a menu.o
 .debug_pubnames
                0x000006d7       0x93 lcd.o
 .debug_pubnames
                0x0000076a       0x60 adc.o

.debug_info     0x00000000     0x4558
 *(.debug_info)
 .debug_info    0x00000000      0x7d7 enc28j60.o
 .debug_info    0x000007d7      0x50d main.o
 .debug_info    0x00000ce4     0x12bb http.o
 .debug_info    0x00001f9f      0x5eb arp.o
 .debug_info    0x0000258a      0x5a3 tcp.o
 .debug_info    0x00002b2d      0x444 ip.o
 .debug_info    0x00002f71      0x440 ethernet.o
 .debug_info    0x000033b1      0x985 menu.o
 .debug_info    0x00003d36      0x545 lcd.o
 .debug_info    0x0000427b      0x2dd adc.o
 *(.gnu.linkonce.wi.*)

.debug_abbrev   0x00000000     0x10e2
 *(.debug_abbrev)
 .debug_abbrev  0x00000000      0x26a enc28j60.o
 .debug_abbrev  0x0000026a      0x14c main.o
 .debug_abbrev  0x000003b6      0x22d http.o
 .debug_abbrev  0x000005e3      0x1b2 arp.o
 .debug_abbrev  0x00000795      0x16d tcp.o
 .debug_abbrev  0x00000902      0x143 ip.o
 .debug_abbrev  0x00000a45      0x152 ethernet.o
 .debug_abbrev  0x00000b97      0x2a7 menu.o
 .debug_abbrev  0x00000e3e      0x189 lcd.o
 .debug_abbrev  0x00000fc7      0x11b adc.o

.debug_line     0x00000000     0x2970
 *(.debug_line)
 .debug_line    0x00000000      0x60f enc28j60.o
 .debug_line    0x0000060f      0x2d1 main.o
 .debug_line    0x000008e0      0x93b http.o
 .debug_line    0x0000121b      0x267 arp.o
 .debug_line    0x00001482      0x2ca tcp.o
 .debug_line    0x0000174c      0x136 ip.o
 .debug_line    0x00001882      0x101 ethernet.o
 .debug_line    0x00001983      0xb46 menu.o
 .debug_line    0x000024c9      0x32d lcd.o
 .debug_line    0x000027f6      0x17a adc.o

.debug_frame    0x00000000      0x490
 *(.debug_frame)
 .debug_frame   0x00000000       0xc0 enc28j60.o
 .debug_frame   0x000000c0       0x50 main.o
 .debug_frame   0x00000110       0xa0 http.o
 .debug_frame   0x000001b0       0x60 arp.o
 .debug_frame   0x00000210       0x60 tcp.o
 .debug_frame   0x00000270       0x30 ip.o
 .debug_frame   0x000002a0       0x30 ethernet.o
 .debug_frame   0x000002d0      0x100 menu.o
 .debug_frame   0x000003d0       0x80 lcd.o
 .debug_frame   0x00000450       0x40 adc.o

.debug_str      0x00000000      0x8ec
 *(.debug_str)
 .debug_str     0x00000000      0x2fd enc28j60.o
                                0x36f (size before relaxing)
 .debug_str     0x000002fd       0x81 main.o
                                0x295 (size before relaxing)
 .debug_str     0x0000037e      0x13e http.o
                                0x386 (size before relaxing)
 .debug_str     0x000004bc       0x61 arp.o
                                0x2ce (size before relaxing)
 .debug_str     0x0000051d       0xa4 tcp.o
                                0x2df (size before relaxing)
 .debug_str     0x000005c1       0x4e ip.o
                                0x24c (size before relaxing)
 .debug_str     0x0000060f       0x3f ethernet.o
                                0x241 (size before relaxing)
 .debug_str     0x0000064e      0x1d7 menu.o
                                0x3ff (size before relaxing)
 .debug_str     0x00000825       0x66 lcd.o
                                0x247 (size before relaxing)
 .debug_str     0x0000088b       0x61 adc.o
                                0x1dd (size before relaxing)

.debug_loc      0x00000000     0x1aff
 *(.debug_loc)
 .debug_loc     0x00000000      0x282 enc28j60.o
 .debug_loc     0x00000282       0x48 main.o
 .debug_loc     0x000002ca      0x856 http.o
 .debug_loc     0x00000b20      0x1d3 arp.o
 .debug_loc     0x00000cf3      0x2de tcp.o
 .debug_loc     0x00000fd1       0xa3 ip.o
 .debug_loc     0x00001074       0xb6 ethernet.o
 .debug_loc     0x0000112a      0x766 menu.o
 .debug_loc     0x00001890      0x21c lcd.o
 .debug_loc     0x00001aac       0x53 adc.o

.debug_macinfo
 *(.debug_macinfo)
OUTPUT(avrnet.elf elf32-avr)
LOAD linker stubs

.debug_ranges   0x00000000       0x60
 .debug_ranges  0x00000000       0x60 lcd.o
